> Write CMD_HwFwVers
> Write CMD_ReadReportingAndStatus
LOG:Write seq 0 begins -------------
> Write CMD_Write, @{c00,r0} txt="                   "
> Write CMD_Write, @{c00,r1} txt="                   "
> Write CMD_Write, @{c00,r2} txt="                   "
> Write CMD_Write, @{c00,r3} txt="                   "
LOG:Write seq 1 begins -------------
LOG:Write seq 2 begins -------------
> Write CMD_CfgKeyReports={00 00}
> Write CMD_SetBacklight, dlen=1, data={00}, crc={0f cf}
