> Write CMD_HwFwVers
> Write CMD_ReadReportingAndStatus
> Write CMD_SetKeyLegend={01 00 02 04 01}
LOG:Write seq 0:10 begins -------------
> Write CMD_SetKeyLegend={01 03 02 04 01}
LOG:Write seq 0:9 begins -------------
> Write CMD_SetCursorPos={00 01}
LOG:Write seq 0:8 begins -------------
LOG:Write seq 0:7 begins -------------
LOG:Write seq 0:6 begins -------------
LOG:Write seq 0:5 begins -------------
LOG:Write seq 0:4 begins -------------
LOG:Write seq 0:3 begins -------------
LOG:Write seq 0:2 begins -------------
LOG:Write seq 0:1 begins -------------
> Write CMD_SetKeyLegend={01 03 02 00 01}
LOG:Write seq 0:0 begins -------------
LOG:Write seq 1:0 begins -------------
> Write CMD_CfgKeyReports={00 00}
> Write CMD_SetBacklight, dlen=1, data={00}, crc={0f cf}
