> Write CMD_HwFwVers
> Write CMD_ReadReportingAndStatus
> Write CMD_SetCursorStyle=1
> Write CMD_CfgKeyReports={00 3f}
> Write CMD_Write, @{c19,r0} txt="\x1d"
> Write CMD_Write, @{c19,r3} txt="\x1b"
> Write CMD_Write, @{c00,r0} txt="one                "
> Write CMD_Write, @{c00,r1} txt="two                "
> Write CMD_Write, @{c00,r2} txt="thr33              "
> Write CMD_Write, @{c00,r3} txt="4                  "
> Write CMD_SetCursorPos={00 00}
> Write CMD_Write, @{c19,r0} txt=" "
> Write CMD_Write, @{c19,r3} txt=" "
> Write CMD_SetCursorStyle=0
> Write CMD_Clear
