> Write CMD_HwFwVers
> Write CMD_ReadReportingAndStatus
> Write CMD_SetKeyLegend={01 06 02 05 01}
> Write CMD_SetKeyLegend={00}
> Write CMD_CfgKeyReports={00 00}
> Write CMD_SetBacklight, dlen=1, data={00}, crc={0f cf}
