> Write CMD_HwFwVers
> Write CMD_ReadReportingAndStatus
> Write CMD_Write, @{c00,r0} txt="631 long fits long "
> Write CMD_Write, @{c00,r1} txt="second line fits to"
> Write CMD_Write, @{c00,r0} txt="second line fits to"
> Write CMD_Write, @{c00,r1} txt="                   "
> Write CMD_Write, @{c00,r0} txt="                   "
> Write CMD_Write, @{c00,r1} txt="                   "
> Write CMD_CfgKeyReports={00 00}
> Write CMD_SetBacklight, dlen=1, data={00}, crc={0f cf}
